// Jest Snapshot v1, https://goo.gl/fbAQLP

exports[`a pagina de configuracao deve ser renderizada corretamente 1`] = `
<div>
  <div
    class="card"
  >
    <section>
      <h2>
        Vamos come√ßar!
      </h2>
      <div>
        <form
          class="form"
        >
          <div
            class="grupo-input-btn"
          >
            <input
              placeholder="Insira os nomes dos participantes"
              type="text"
              value=""
            />
            <button
              disabled=""
            >
              Adicionar
            </button>
          </div>
          
        </form>
      </div>
      <ul />
      <footer
        class="rodape-configuracoes"
      >
        <button
          class="botao"
          disabled=""
        >
          Iniciar bricadeira
        </button>
        <img
          alt="Sacolas de compras"
          src="/imagens/sacolas.png"
        />
      </footer>
    </section>
  </div>
</div>
`;
